Microchip MPLAB XC8 Compiler V2.40

Linker command line:

-W-3 \
  --edf=C:\Program Files\Microchip\xc8\v2.40\pic\dat\20220703182018_en.msgs \
  -cn -h+dist/default/production\Protocolo_com_UART__ADC.production.sym \
  --cmf=dist/default/production\Protocolo_com_UART__ADC.production.cmf -z \
  -Q18F452 -oC:\Users\LUCASG~2\AppData\Local\Temp\xcAs65c.4 \
  --defsym=__MPLAB_BUILD=1 --fixupoverflow=error \
  -Mdist/default/production/Protocolo_com_UART__ADC.production.map \
  --md=C:\Users\LUCASG~2\AppData\Local\Temp\xcAs65c.dat -E1 \
  -ver=XC8 Compiler --acfsm=1493 -ACODE=00h-03FFFhx2 -ACONST=00h-07FFFh \
  -ASMALLCONST=0600h-06FFhx122 -AMEDIUMCONST=0600h-07FFFh -ACOMRAM=01h-07Fh \
  -AABS1=00h-05FFh -ABIGRAM=01h-05FFh -ARAM=080h-0FFh,0100h-01FFhx5 \
  -ABANK0=080h-0FFh -ABANK1=0100h-01FFh -ABANK2=0200h-02FFh \
  -ABANK3=0300h-03FFh -ABANK4=0400h-04FFh -ABANK5=0500h-05FFh \
  -ASFR=0F80h-0FFFh -ABIGSFR=0F80h-0FFFh -ACONFIG=0300000h-030000Dh \
  -AIDLOC=0200000h-0200007h -AEEDATA=0F00000h-0F000FFh -peeprom_data=EEDATA \
  -preset_vec=00h,intcode=08h,intcodelo,powerup,init -pramtop=0600h \
  -psmallconst=SMALLCONST -pmediumconst=MEDIUMCONST -pconst=CONST \
  -AFARRAM=00h-00h \
  -prdata=COMRAM,nvrram=COMRAM,nvbit=COMRAM,rbss=COMRAM,rbit=COMRAM \
  -pfarbss=FARRAM,fardata=FARRAM,nvFARRAM=FARRAM \
  -pintsave_regs=BIGRAM,bigbss=BIGRAM,bigdata=BIGRAM -pbss=RAM \
  -pidata=CODE,irdata=CODE,ibigdata=CODE,ifardata=CODE -prparam=COMRAM \
  C:\Users\LUCASG~2\AppData\Local\Temp\xcAs65c.o \
  dist/default/production\Protocolo_com_UART__ADC.production.o 

Object code version is 3.11

Machine type is 18F452



                Name                               Link     Load   Length Selector   Space Scale
C:\Users\LUCASG~2\AppData\Local\Temp\xcAs65c.o
                idloc                            200000   200000        8        0       5
                config                           300000   300000        E        0       4
                text                               141E     141E        2      306       0
                init                                16A      16A        4        4       0
                reset_vec                             0        0        6        0       0
dist/default/production\Protocolo_com_UART__ADC.production.o
                intcode                               8        8      162        4       0
                idloc                            200000   200000        8        0       5
                config                           300000   300000        E        0       4
                temp                                 7F       7F        1        1       1
                smallconst                          600      600        C      300       0
                text21                             1204     1204       6E      306       0
                text20                              F7E      F7E       C6      306       0
                text19                              CA8      CA8      10A      306       0
                text18                              DB2      DB2       EA      306       0
                text17                             1418     1418        6      306       0
                text16                              E9C      E9C       E2      306       0
                text15                             1320     1320       50      306       0
                text14                             1104     1104       8E      306       0
                text13                              ACC      ACC      1DC      306       0
                text12                              60C      60C      262      306       0
                text11                             1272     1272       5C      306       0
                text10                             12CE     12CE       52      306       0
                text9                               86E      86E      25E      306       0
                text7                              1400     1400        E      306       0
                text6                              13DE     13DE       12      306       0
                text5                              140E     140E        A      306       0
                text4                              1370     1370       2E      306       0
                text3                              1044     1044       C0      306       0
                text2                              1192     1192       72      306       0
                text1                              13C4     13C4       1A      306       0
                text0                              13F0     13F0       10      306       0
                cstackCOMRAM                          1        1       78        1       1
                cstackBANK0                          C7       C7       23       80       1
                bssBANK0                             80       80       47       80       1
                bssCOMRAM                            79       79        6        1       1
                cinit                              139E     139E       26      306       0

TOTAL           Name                               Link     Load   Length     Space
        CLASS   CODE           
                intcode                               8        8      162         0
                text                               141E     141E        2         0
                init                                16A      16A        4         0
                reset_vec                             0        0        6         0
                text21                             1204     1204       6E         0
                text20                              F7E      F7E       C6         0
                text19                              CA8      CA8      10A         0
                text18                              DB2      DB2       EA         0
                text17                             1418     1418        6         0
                text16                              E9C      E9C       E2         0
                text15                             1320     1320       50         0
                text14                             1104     1104       8E         0
                text13                              ACC      ACC      1DC         0
                text12                              60C      60C      262         0
                text11                             1272     1272       5C         0
                text10                             12CE     12CE       52         0
                text9                               86E      86E      25E         0
                text7                              1400     1400        E         0
                text6                              13DE     13DE       12         0
                text5                              140E     140E        A         0
                text4                              1370     1370       2E         0
                text3                              1044     1044       C0         0
                text2                              1192     1192       72         0
                text1                              13C4     13C4       1A         0
                text0                              13F0     13F0       10         0
                cinit                              139E     139E       26         0

        CLASS   CONST          

        CLASS   SMALLCONST     
                smallconst                          600      600        C         0

        CLASS   MEDIUMCONST    

        CLASS   COMRAM         
                temp                                 7F       7F        1         1
                cstackCOMRAM                          1        1       78         1
                bssCOMRAM                            79       79        6         1

        CLASS   ABS1           

        CLASS   BIGRAM         

        CLASS   RAM            

        CLASS   BANK0          
                cstackBANK0                          C7       C7       23         1
                bssBANK0                             80       80       47         1

        CLASS   BANK1          

        CLASS   BANK2          

        CLASS   BANK3          

        CLASS   BANK4          

        CLASS   BANK5          

        CLASS   SFR            

        CLASS   BIGSFR         

        CLASS   CONFIG         
                config                           300000   300000        E         4

        CLASS   IDLOC          
                idloc                            200000   200000        8         5

        CLASS   EEDATA         

        CLASS   FARRAM         

        CLASS   HEAP           

        CLASS   STACK          



SEGMENTS        Name                           Load    Length   Top    Selector   Space  Class

                reset_vec                      000000  000006  000006         0       0  CODE    
                cstackCOMRAM                   000001  00007F  000080         1       1  COMRAM  
                intcode                        000008  000166  00016E         4       0  CODE    
                bssBANK0                       000080  00006A  0000EA        80       1  BANK0   
                smallconst                     000600  00000C  00060C       300       0  SMALLCON
                text12                         00060C  000E14  001420       306       0  CODE    


UNUSED ADDRESS RANGES

        Name                Unused          Largest block    Delta
        BANK0            0000EA-0000FF               16
        BANK1            000100-0001FF              100
        BANK2            000200-0002FF              100
        BANK3            000300-0003FF              100
        BANK4            000400-0004FF              100
        BANK5            000500-0005FF              100
        BIGRAM           0000EA-0005FF              516
        BIGSFR           000F80-000FFF               80
        CODE             000006-000007                2
                         00016E-0005FF              492
                         001420-007FFF             2BE0
        CONST            000006-000007                2
                         00016E-0005FF              492
                         001420-007FFF             6BE0
        EEDATA           F00000-F000FF              100
        MEDIUMCONST      001420-007FFF             6BE0
        RAM              0000EA-0005FF              100
        SFR              000F80-000FFF               80
        SMALLCONST       001420-007FFF              100

                                  Symbol Table

?_ADC_Get_Value                                                             cstackCOMRAM 000001
?___lldiv                                                                   cstackBANK0  0000D9
?___lodiv                                                                   cstackCOMRAM 000001
?___lomod                                                                   cstackCOMRAM 000001
?_sprintf                                                                   cstackCOMRAM 000059
?_vfprintf                                                                  cstackCOMRAM 000051
ADC_Get_Value@channel                                                       cstackCOMRAM 000004
Decodifica_Protocolo@F2489                                                  bssBANK0     000080
Decodifica_Protocolo@i                                                      cstackBANK0  0000D8
Decodifica_Protocolo@leitura_adc                                            cstackBANK0  0000D6
Decodifica_Protocolo@varADC                                                 cstackBANK0  0000C7
Interrupt_High_Priority@sdata                                               cstackCOMRAM 000078
UART_Initializer@boundRate                                                  cstackBANK0  0000E6
_ADCON0                                                                     (abs)        000FC2
_ADCON0bits                                                                 (abs)        000FC2
_ADCON1                                                                     (abs)        000FC1
_ADC_Get_Value                                                              text21       001204
_ADC_Initializer                                                            text7        001400
_ADRESH                                                                     (abs)        000FC4
_ADRESL                                                                     (abs)        000FC3
_BRGH                                                                       (abs)        007D62
_Decodifica_Protocolo                                                       text9        00086E
_INTCON1bits                                                                (abs)        000FF2
_IPR1bits                                                                   (abs)        000F9F
_Interrupt_High_Priority                                                    intcode      000008
_Interrupt_Initializer                                                      text6        0013DE
_LATA                                                                       (abs)        000F89
_LATB                                                                       (abs)        000F8A
_LATBbits                                                                   (abs)        000F8A
_LATC                                                                       (abs)        000F8B
_LATD                                                                       (abs)        000F8C
_LATE                                                                       (abs)        000F8D
_OSCCON                                                                     (abs)        000FD3
_Oscilator_Initializer                                                      text5        00140E
_PIE1bits                                                                   (abs)        000F9D
_PIR1bits                                                                   (abs)        000F9E
_PORTBbits                                                                  (abs)        000F81
_Pin_Initializer                                                            text4        001370
_RCONbits                                                                   (abs)        000FD0
_RCREG                                                                      (abs)        000FAE
_RCSTAbits                                                                  (abs)        000FAB
_ReEnviaDados                                                               text20       000F7E
_SPBRG                                                                      (abs)        000FAF
_SYNC                                                                       (abs)        007D64
_System_Initializer                                                         text1        0013C4
_TRISA                                                                      (abs)        000F92
_TRISB                                                                      (abs)        000F93
_TRISC                                                                      (abs)        000F94
_TRISD                                                                      (abs)        000F95
_TRISE                                                                      (abs)        000F96
_TXREG                                                                      (abs)        000FAD
_TXREG1                                                                     (abs)        000FAD
_TXSTAbits                                                                  (abs)        000FAC
_UART_Initializer                                                           text2        001192
__HRAM                                                                      (abs)        000000
__Habs1                                                                     abs1         000000
__Hbank0                                                                    bank0        000000
__Hbank1                                                                    bank1        000000
__Hbank2                                                                    bank2        000000
__Hbank3                                                                    bank3        000000
__Hbank4                                                                    bank4        000000
__Hbank5                                                                    bank5        000000
__Hbigbss                                                                   bigbss       000000
__Hbigdata                                                                  bigdata      000000
__Hbigram                                                                   bigram       000000
__Hbigsfr                                                                   bigsfr       000000
__Hbss                                                                      bss          000000
__HbssBANK0                                                                 bssBANK0     000000
__HbssCOMRAM                                                                bssCOMRAM    000000
__Hcinit                                                                    cinit        000000
__Hclrtext                                                                  clrtext      000000
__Hcomram                                                                   comram       000000
__Hconfig                                                                   config       30000E
__Hconst                                                                    const        000000
__HcstackBANK0                                                              cstackBANK0  000000
__HcstackCOMRAM                                                             cstackCOMRAM 000000
__Hdata                                                                     data         000000
__Heeprom_data                                                              eeprom_data  000000
__Hfarbss                                                                   farbss       000000
__Hfardata                                                                  fardata      000000
__Hheap                                                                     heap         000000
__Hibigdata                                                                 ibigdata     000000
__Hidata                                                                    idata        000000
__Hidloc                                                                    idloc        200008
__Hifardata                                                                 ifardata     000000
__Hinit                                                                     init         00016E
__Hintcode                                                                  intcode      00016A
__Hintcode_body                                                             intcode_body 000000
__Hintcodelo                                                                intcodelo    00016A
__Hintentry                                                                 intentry     000000
__Hintret                                                                   intret       000000
__Hintsave_regs                                                             intsave_regs 000000
__Hirdata                                                                   irdata       000000
__Hmediumconst                                                              mediumconst  000000
__HnvFARRAM                                                                 nvFARRAM     000000
__Hnvbit                                                                    nvbit        000000
__Hnvrram                                                                   nvrram       000000
__Hparam                                                                    rparam       000000
__Hpowerup                                                                  powerup      00016A
__Hram                                                                      ram          000000
__Hramtop                                                                   ramtop       000600
__Hrbit                                                                     rbit         000000
__Hrbss                                                                     rbss         000000
__Hrdata                                                                    rdata        000000
__Hreset_vec                                                                reset_vec    000006
__Hrparam                                                                   rparam       000000
__Hsfr                                                                      sfr          000000
__Hsmallconst                                                               smallconst   00060C
__Hspace_0                                                                  (abs)        001420
__Hspace_1                                                                  (abs)        0000EA
__Hspace_2                                                                  (abs)        000000
__Hspace_4                                                                  (abs)        60000E
__Hstack                                                                    stack        000000
__Hstruct                                                                   struct       000000
__Htemp                                                                     temp         000080
__Htext                                                                     text         000000
__Htext0                                                                    text0        000000
__Htext1                                                                    text1        000000
__Htext10                                                                   text10       000000
__Htext11                                                                   text11       000000
__Htext12                                                                   text12       000000
__Htext13                                                                   text13       000000
__Htext14                                                                   text14       000000
__Htext15                                                                   text15       000000
__Htext16                                                                   text16       000000
__Htext17                                                                   text17       000000
__Htext18                                                                   text18       000000
__Htext19                                                                   text19       000000
__Htext2                                                                    text2        000000
__Htext20                                                                   text20       000000
__Htext21                                                                   text21       000000
__Htext3                                                                    text3        000000
__Htext4                                                                    text4        000000
__Htext5                                                                    text5        000000
__Htext6                                                                    text6        000000
__Htext7                                                                    text7        000000
__Htext9                                                                    text9        000000
__LRAM                                                                      (abs)        000001
__Labs1                                                                     abs1         000000
__Lbank0                                                                    bank0        000000
__Lbank1                                                                    bank1        000000
__Lbank2                                                                    bank2        000000
__Lbank3                                                                    bank3        000000
__Lbank4                                                                    bank4        000000
__Lbank5                                                                    bank5        000000
__Lbigbss                                                                   bigbss       000000
__Lbigdata                                                                  bigdata      000000
__Lbigram                                                                   bigram       000000
__Lbigsfr                                                                   bigsfr       000000
__Lbss                                                                      bss          000000
__LbssBANK0                                                                 bssBANK0     000000
__LbssCOMRAM                                                                bssCOMRAM    000000
__Lcinit                                                                    cinit        000000
__Lclrtext                                                                  clrtext      000000
__Lcomram                                                                   comram       000000
__Lconfig                                                                   config       000000
__Lconst                                                                    const        000000
__LcstackBANK0                                                              cstackBANK0  000000
__LcstackCOMRAM                                                             cstackCOMRAM 000000
__Ldata                                                                     data         000000
__Leeprom_data                                                              eeprom_data  000000
__Lfarbss                                                                   farbss       000000
__Lfardata                                                                  fardata      000000
__Lheap                                                                     heap         000000
__Libigdata                                                                 ibigdata     000000
__Lidata                                                                    idata        000000
__Lidloc                                                                    idloc        000000
__Lifardata                                                                 ifardata     000000
__Linit                                                                     init         00016A
__Lintcode                                                                  intcode      000008
__Lintcode_body                                                             intcode_body 000000
__Lintcodelo                                                                intcodelo    00016A
__Lintentry                                                                 intentry     000000
__Lintret                                                                   intret       000000
__Lintsave_regs                                                             intsave_regs 000000
__Lirdata                                                                   irdata       000000
__Lmediumconst                                                              mediumconst  000000
__LnvFARRAM                                                                 nvFARRAM     000000
__Lnvbit                                                                    nvbit        000000
__Lnvrram                                                                   nvrram       000000
__Lparam                                                                    rparam       000000
__Lpowerup                                                                  powerup      00016A
__Lram                                                                      ram          000000
__Lramtop                                                                   ramtop       000600
__Lrbit                                                                     rbit         000000
__Lrbss                                                                     rbss         000000
__Lrdata                                                                    rdata        000000
__Lreset_vec                                                                reset_vec    000000
__Lrparam                                                                   rparam       000000
__Lsfr                                                                      sfr          000000
__Lsmallconst                                                               smallconst   000600
__Lspace_0                                                                  (abs)        000000
__Lspace_1                                                                  (abs)        000000
__Lspace_2                                                                  (abs)        000000
__Lspace_4                                                                  (abs)        000000
__Lstack                                                                    stack        000000
__Lstruct                                                                   struct       000000
__Ltemp                                                                     temp         00007F
__Ltext                                                                     text         000000
__Ltext0                                                                    text0        000000
__Ltext1                                                                    text1        000000
__Ltext10                                                                   text10       000000
__Ltext11                                                                   text11       000000
__Ltext12                                                                   text12       000000
__Ltext13                                                                   text13       000000
__Ltext14                                                                   text14       000000
__Ltext15                                                                   text15       000000
__Ltext16                                                                   text16       000000
__Ltext17                                                                   text17       000000
__Ltext18                                                                   text18       000000
__Ltext19                                                                   text19       000000
__Ltext2                                                                    text2        000000
__Ltext20                                                                   text20       000000
__Ltext21                                                                   text21       000000
__Ltext3                                                                    text3        000000
__Ltext4                                                                    text4        000000
__Ltext5                                                                    text5        000000
__Ltext6                                                                    text6        000000
__Ltext7                                                                    text7        000000
__Ltext9                                                                    text9        000000
__S0                                                                        (abs)        001420
__S1                                                                        (abs)        0000EA
__S4                                                                        (abs)        000000
__S5                                                                        (abs)        000000
___heap_hi                                                                  (abs)        000000
___heap_lo                                                                  (abs)        000000
___inthi_sp                                                                 stack        000000
___intlo_sp                                                                 stack        000000
___lldiv                                                                    text3        001044
___lldiv@counter                                                            cstackBANK0  0000E5
___lldiv@dividend                                                           cstackBANK0  0000D9
___lldiv@divisor                                                            cstackBANK0  0000DD
___lldiv@quotient                                                           cstackBANK0  0000E1
___lodiv                                                                    text19       000CA8
___lodiv@counter                                                            cstackCOMRAM 000019
___lodiv@dividend                                                           cstackCOMRAM 000001
___lodiv@divisor                                                            cstackCOMRAM 000009
___lodiv@quotient                                                           cstackCOMRAM 000011
___lomod                                                                    text18       000DB2
___lomod@counter                                                            cstackCOMRAM 000011
___lomod@dividend                                                           cstackCOMRAM 000001
___lomod@divisor                                                            cstackCOMRAM 000009
___param_bank                                                               (abs)        000000
___rparam_used                                                              (abs)        000001
___sp                                                                       stack        000000
__accesstop                                                                 (abs)        000080
__activetblptr                                                              (abs)        000002
__aux                                                                       bssCOMRAM    00007E
__cntErrataNOP_C:\Users\LUCASG~2\AppData\Local\Temp\xcAs65c.o               (abs)        000001
__cntErrataNOP_dist/default/production\Protocolo_com_UART__ADC.production.o (abs)        0000D1
__end_of_ADC_Get_Value                                                      text21       001272
__end_of_ADC_Initializer                                                    text7        00140E
__end_of_Decodifica_Protocolo                                               text9        000ACC
__end_of_Interrupt_High_Priority                                            intcode      00016A
__end_of_Interrupt_Initializer                                              text6        0013F0
__end_of_Oscilator_Initializer                                              text5        001418
__end_of_Pin_Initializer                                                    text4        00139E
__end_of_ReEnviaDados                                                       text20       001044
__end_of_System_Initializer                                                 text1        0013DE
__end_of_UART_Initializer                                                   text2        001204
__end_of___lldiv                                                            text3        001104
__end_of___lodiv                                                            text19       000DB2
__end_of___lomod                                                            text18       000E9C
__end_of__initialization                                                    cinit        0013B6
__end_of_fputc                                                              text16       000F7E
__end_of_fputs                                                              text15       001370
__end_of_main                                                               text0        001400
__end_of_pad                                                                text14       001192
__end_of_putch                                                              text17       00141E
__end_of_sprintf                                                            text10       001320
__end_of_utoa                                                               text13       000CA8
__end_of_vfpfcnvrt                                                          text12       00086E
__end_of_vfprintf                                                           text11       0012CE
__initialization                                                            cinit        00139E
__mediumconst                                                               mediumconst  000000
__pbssBANK0                                                                 bssBANK0     000080
__pbssCOMRAM                                                                bssCOMRAM    000079
__pcinit                                                                    cinit        00139E
__pcstackBANK0                                                              cstackBANK0  0000C7
__pcstackCOMRAM                                                             cstackCOMRAM 000001
__pintcode                                                                  intcode      000008
__psmallconst                                                               smallconst   000600
__ptext0                                                                    text0        0013F0
__ptext1                                                                    text1        0013C4
__ptext10                                                                   text10       0012CE
__ptext11                                                                   text11       001272
__ptext12                                                                   text12       00060C
__ptext13                                                                   text13       000ACC
__ptext14                                                                   text14       001104
__ptext15                                                                   text15       001320
__ptext16                                                                   text16       000E9C
__ptext17                                                                   text17       001418
__ptext18                                                                   text18       000DB2
__ptext19                                                                   text19       000CA8
__ptext2                                                                    text2        001192
__ptext20                                                                   text20       000F7E
__ptext21                                                                   text21       001204
__ptext3                                                                    text3        001044
__ptext4                                                                    text4        001370
__ptext5                                                                    text5        00140E
__ptext6                                                                    text6        0013DE
__ptext7                                                                    text7        001400
__ptext9                                                                    text9        00086E
__ramtop                                                                    ramtop       000600
__smallconst                                                                smallconst   000600
_adc                                                                        bssCOMRAM    000079
_dbuf                                                                       bssBANK0     000093
_dta                                                                        bssBANK0     0000B3
_flags                                                                      bssCOMRAM    00007D
_fputc                                                                      text16       000E9C
_fputs                                                                      text15       001320
_main                                                                       text0        0013F0
_pad                                                                        text14       001104
_pot                                                                        bssCOMRAM    00007B
_prec                                                                       bssBANK0     000091
_putch                                                                      text17       001418
_sprintf                                                                    text10       0012CE
_utoa                                                                       text13       000ACC
_vfpfcnvrt                                                                  text12       00060C
_vfprintf                                                                   text11       001272
_width                                                                      bssBANK0     00008F
btemp                                                                       temp         00007F
end_of_initialization                                                       cinit        0013B6
fputc@c                                                                     cstackCOMRAM 000001
fputc@fp                                                                    cstackCOMRAM 000003
fputs@c                                                                     cstackCOMRAM 00000E
fputs@fp                                                                    cstackCOMRAM 00000C
fputs@i                                                                     cstackCOMRAM 00000F
fputs@s                                                                     cstackCOMRAM 00000A
int$flags                                                                   temp         00007F
intlevel0                                                                   text         00141E
intlevel1                                                                   text         00141E
intlevel2                                                                   text         00141E
intlevel3                                                                   text         00141E
isa$std                                                                     (abs)        000001
isa$xinst                                                                   (abs)        000000
pad@buf                                                                     cstackCOMRAM 000013
pad@fp                                                                      cstackCOMRAM 000011
pad@i                                                                       cstackCOMRAM 000018
pad@p                                                                       cstackCOMRAM 000015
pad@w                                                                       cstackCOMRAM 00001A
sprintf@ap                                                                  cstackCOMRAM 00005F
sprintf@f                                                                   cstackCOMRAM 000061
sprintf@fmt                                                                 cstackCOMRAM 00005B
sprintf@s                                                                   cstackCOMRAM 000059
stackhi                                                                     (abs)        000000
stacklo                                                                     (abs)        000000
start                                                                       init         00016A
start_initialization                                                        cinit        00139E
ttemp5                                                                      temp         000080
ttemp6                                                                      temp         000083
ttemp7                                                                      temp         000087
utoa@d                                                                      cstackCOMRAM 00001E
utoa@fp                                                                     cstackCOMRAM 00001C
utoa@i                                                                      cstackCOMRAM 00003A
utoa@n                                                                      cstackCOMRAM 000032
utoa@p                                                                      cstackCOMRAM 000030
utoa@w                                                                      cstackCOMRAM 00002E
vfpfcnvrt@ap                                                                cstackCOMRAM 000040
vfpfcnvrt@c                                                                 cstackCOMRAM 00004E
vfpfcnvrt@convarg                                                           cstackCOMRAM 000046
vfpfcnvrt@cp                                                                cstackCOMRAM 00004F
vfpfcnvrt@fmt                                                               cstackCOMRAM 00003E
vfpfcnvrt@fp                                                                cstackCOMRAM 00003C
vfprintf@ap                                                                 cstackCOMRAM 000055
vfprintf@cfmt                                                               cstackCOMRAM 000057
vfprintf@fmt                                                                cstackCOMRAM 000053
vfprintf@fp                                                                 cstackCOMRAM 000051
wtemp8                                                                      temp         000080


MODULE INFORMATION

Module		Function		Class		Link	Load	Size
C:\Program Files\Microchip\xc8\v2.40\pic\sources\c99\common\nf_fputc.c
		_fputc         		CODE           	0E9C	0000	226

C:\Program Files\Microchip\xc8\v2.40\pic\sources\c99\common\nf_fputc.c estimated size: 226

C:\Program Files\Microchip\xc8\v2.40\pic\sources\c99\common\nf_sprintf.c
		_sprintf       		CODE           	12CE	0000	82

C:\Program Files\Microchip\xc8\v2.40\pic\sources\c99\common\nf_sprintf.c estimated size: 82

main/main.c
		_main          		CODE           	13F0	0000	16

main/main.c estimated size: 16

main/adc.c
		_ADC_Get_Value 		CODE           	1204	0000	110
		_ADC_Initializer		CODE           	1400	0000	14

main/adc.c estimated size: 124

C:\Program Files\Microchip\xc8\v2.40\pic\sources\c99\common\__lldiv.c
		___lldiv       		CODE           	1044	0000	192

C:\Program Files\Microchip\xc8\v2.40\pic\sources\c99\common\__lldiv.c estimated size: 192

C:\Program Files\Microchip\xc8\v2.40\pic\sources\c99\common\nf_fputs.c
		_fputs         		CODE           	1320	0000	80

C:\Program Files\Microchip\xc8\v2.40\pic\sources\c99\common\nf_fputs.c estimated size: 80

C:\Program Files\Microchip\xc8\v2.40\pic\sources\c99\common\lomod.c
		___lomod       		CODE           	0DB2	0000	234

C:\Program Files\Microchip\xc8\v2.40\pic\sources\c99\common\lomod.c estimated size: 234

shared
		__initialization		CODE           	139E	0000	24

shared estimated size: 24

main/system.c
		_Interrupt_Initializer		CODE           	13DE	0000	18
		_Pin_Initializer		CODE           	1370	0000	46
		_UART_Initializer		CODE           	1192	0000	114
		_System_Initializer		CODE           	13C4	0000	26
		_Oscilator_Initializer		CODE           	140E	0000	10

main/system.c estimated size: 214

C:\Program Files\Microchip\xc8\v2.40\pic\sources\c99\common\putch.c
		_putch         		CODE           	1418	0000	6

C:\Program Files\Microchip\xc8\v2.40\pic\sources\c99\common\putch.c estimated size: 6

C:\Program Files\Microchip\xc8\v2.40\pic\sources\c99\common\doprnt.c
		_vfpfcnvrt     		CODE           	060C	0000	610
		_pad           		CODE           	1104	0000	142
		_vfprintf      		CODE           	1272	0000	92
		_utoa          		CODE           	0ACC	0000	476

C:\Program Files\Microchip\xc8\v2.40\pic\sources\c99\common\doprnt.c estimated size: 1320

main/interrupt_manager.c
		_Decodifica_Protocolo		CODE           	086E	0000	606
		_Interrupt_High_Priority		CODE           	0008	0000	354
		_ReEnviaDados  		CODE           	0F7E	0000	198

main/interrupt_manager.c estimated size: 1158

C:\Program Files\Microchip\xc8\v2.40\pic\sources\c99\common\lodiv.c
		___lodiv       		CODE           	0CA8	0000	266

C:\Program Files\Microchip\xc8\v2.40\pic\sources\c99\common\lodiv.c estimated size: 266

